// Jest Snapshot v1, https://goo.gl/fbAQLP

exports[`Render ContactForm without crash 1`] = `
<div
  id="contact-image"
>
  <div
    id="contact-container"
  >
    <h3
      className="sub-titles"
    >
      Contactanos
    </h3>
    <input
      name="name"
      onChange={[Function]}
      placeholder="Nombre"
      type="text"
    />
    <input
      name="email"
      onChange={[Function]}
      placeholder="Correo"
      type="email"
    />
    <input
      name="phoneNumber"
      onChange={[Function]}
      placeholder="Numero de Telefono"
      type="phone"
    />
    <textarea
      name="comment"
      onChange={[Function]}
      placeholder="Comentario"
    />
    <button
      onClick={[Function]}
    >
      Enviar
    </button>
  </div>
  <style
    jsx="true"
  >
    
#contact-image {
	background: url(/static/images/OIENIV%20-%20contactanos.jpg);
	padding: 50px 0 100px 0;
	background-position: center;
}
#contact-container {
	width: 100%;
}
#contact-container .sub-titles {
	color: white;
}
#contact-container input,
#contact-container textarea,
#contact-container button
{
	display: block;
	margin: 20px auto;
	width: 30%;
	color: #b9b9b9;
	border: white solid 1px;
	background: rgba(0, 0, 0, .3);
	padding: 15px 30px;
	border-radius: 50px;
	transition: ease .5s;
}
#contact-container input:focus,
#contact-container textarea:focus
{
	color: white;
	outline: none;
}
#contact-container textarea {
	height: 200px;
	border-radius: 15px;
}
#contact-container input::placeholder,
#contact-container textarea::placeholder {
	color: white;
}
#contact-container button {
	color: white;
	cursor: pointer;
}
#contact-container button:focus {
	outline: none;
}
#contact-container button:hover {
	background: #f7f7f7;
	color: black;
}
				
  </style>
</div>
`;
