// Jest Snapshot v1, https://goo.gl/fbAQLP

exports[`HelperBody with Snapshot Render HelperBody without crash 1`] = `
<div
  className="helper-body"
>
  <h4>
    Pronani
  </h4>
  <img
    alt="Organos Auxiliares - Pronani - OIENIV"
    src="/static/images/test-logo.png"
  />
  <p>
    Hola Mundo
  </p>
</div>
`;
